[INFO] 2026-04-29 12:49:53,412 autoreload 1396563 140178824339968 Watching for file changes with StatReloader
[INFO] 2026-04-29 12:49:53,412 autoreload 1396563 140178824339968 Watching for file changes with StatReloader
[INFO] 2026-04-29 12:51:01,414 autoreload 1397618 140624450249216 Watching for file changes with StatReloader
[INFO] 2026-04-29 12:51:01,414 autoreload 1397618 140624450249216 Watching for file changes with StatReloader
[INFO] 2026-04-29 12:51:43,422 autoreload 1398263 140276269478400 Watching for file changes with StatReloader
[INFO] 2026-04-29 12:51:43,422 autoreload 1398263 140276269478400 Watching for file changes with StatReloader
[INFO] 2026-04-29 13:00:58,972 autoreload 1406387 139807011316224 Watching for file changes with StatReloader
[INFO] 2026-04-29 13:00:58,972 autoreload 1406387 139807011316224 Watching for file changes with StatReloader
[INFO] 2026-04-29 13:01:20,510 autoreload 1406699 140278627709440 Watching for file changes with StatReloader
[INFO] 2026-04-29 13:01:20,510 autoreload 1406699 140278627709440 Watching for file changes with StatReloader
[INFO] 2026-04-29 14:41:37,142 autoreload 1500887 140620604674560 Watching for file changes with StatReloader
[INFO] 2026-04-29 14:41:37,142 autoreload 1500887 140620604674560 Watching for file changes with StatReloader
[INFO] 2026-05-03 13:35:16,785 autoreload 70142 140536051855872 Watching for file changes with StatReloader
[INFO] 2026-05-03 13:35:16,785 autoreload 70142 140536051855872 Watching for file changes with StatReloader
[INFO] 2026-05-03 13:36:07,720 autoreload 70953 140176170545664 Watching for file changes with StatReloader
[INFO] 2026-05-03 13:36:07,720 autoreload 70953 140176170545664 Watching for file changes with StatReloader
[INFO] 2026-05-03 13:38:11,513 autoreload 70953 140176170545664 /home/genius/Projects/fleet_flow/fleetflow-backend/fleetflow/urls.py changed, reloading.
[INFO] 2026-05-03 13:38:11,513 autoreload 70953 140176170545664 /home/genius/Projects/fleet_flow/fleetflow-backend/fleetflow/urls.py changed, reloading.
[INFO] 2026-05-03 13:38:12,356 autoreload 72816 140307814593024 Watching for file changes with StatReloader
[INFO] 2026-05-03 13:38:12,356 autoreload 72816 140307814593024 Watching for file changes with StatReloader
[INFO] 2026-05-03 13:38:13,708 autoreload 72816 140307814593024 /home/genius/Projects/fleet_flow/fleetflow-backend/fleetflow/urls.py changed, reloading.
[INFO] 2026-05-03 13:38:13,708 autoreload 72816 140307814593024 /home/genius/Projects/fleet_flow/fleetflow-backend/fleetflow/urls.py changed, reloading.
[INFO] 2026-05-03 13:38:14,179 autoreload 72849 139815573701120 Watching for file changes with StatReloader
[INFO] 2026-05-03 13:38:14,179 autoreload 72849 139815573701120 Watching for file changes with StatReloader
[INFO] 2026-05-03 13:38:16,431 autoreload 72849 139815573701120 /home/genius/Projects/fleet_flow/fleetflow-backend/fleetflow/urls.py changed, reloading.
[INFO] 2026-05-03 13:38:16,431 autoreload 72849 139815573701120 /home/genius/Projects/fleet_flow/fleetflow-backend/fleetflow/urls.py changed, reloading.
[INFO] 2026-05-03 13:38:17,123 autoreload 72899 140599465865728 Watching for file changes with StatReloader
[INFO] 2026-05-03 13:38:17,123 autoreload 72899 140599465865728 Watching for file changes with StatReloader
[INFO] 2026-05-03 13:38:18,383 autoreload 72899 140599465865728 /home/genius/Projects/fleet_flow/fleetflow-backend/fleetflow/urls.py changed, reloading.
[INFO] 2026-05-03 13:38:18,383 autoreload 72899 140599465865728 /home/genius/Projects/fleet_flow/fleetflow-backend/fleetflow/urls.py changed, reloading.
[INFO] 2026-05-03 13:38:18,935 autoreload 72944 140418281861632 Watching for file changes with StatReloader
[INFO] 2026-05-03 13:38:18,935 autoreload 72944 140418281861632 Watching for file changes with StatReloader
[INFO] 2026-05-03 13:38:57,068 autoreload 72944 140418281861632 /home/genius/Projects/fleet_flow/fleetflow-backend/fleetflow/urls.py changed, reloading.
[INFO] 2026-05-03 13:38:57,068 autoreload 72944 140418281861632 /home/genius/Projects/fleet_flow/fleetflow-backend/fleetflow/urls.py changed, reloading.
[INFO] 2026-05-03 13:38:57,591 autoreload 73503 139775303557632 Watching for file changes with StatReloader
[INFO] 2026-05-03 13:38:57,591 autoreload 73503 139775303557632 Watching for file changes with StatReloader
[INFO] 2026-05-03 13:38:58,903 autoreload 73503 139775303557632 /home/genius/Projects/fleet_flow/fleetflow-backend/fleetflow/urls.py changed, reloading.
[INFO] 2026-05-03 13:38:58,903 autoreload 73503 139775303557632 /home/genius/Projects/fleet_flow/fleetflow-backend/fleetflow/urls.py changed, reloading.
[INFO] 2026-05-03 13:38:59,473 autoreload 73537 139993358635520 Watching for file changes with StatReloader
[INFO] 2026-05-03 13:38:59,473 autoreload 73537 139993358635520 Watching for file changes with StatReloader
[INFO] 2026-05-03 13:41:22,942 views 73537 139993294042816 Welcome email sent to john.kamau@example.com
[INFO] 2026-05-03 13:41:22,942 views 73537 139993294042816 Welcome email sent to john.kamau@example.com
[INFO] 2026-05-03 13:41:22,942 views 73537 139993294042816 New fleet owner registered: john.kamau@example.com
[INFO] 2026-05-03 13:41:22,942 views 73537 139993294042816 New fleet owner registered: john.kamau@example.com
[INFO] 2026-05-03 13:41:22,944 basehttp 73537 139993294042816 "POST /users/api/auth/register/ HTTP/1.1" 201 1430
[INFO] 2026-05-03 13:41:22,944 basehttp 73537 139993294042816 "POST /users/api/auth/register/ HTTP/1.1" 201 1430
[INFO] 2026-05-03 13:43:49,481 views 73537 139993294042816 User logged in: john.kamau@example.com
[INFO] 2026-05-03 13:43:49,481 views 73537 139993294042816 User logged in: john.kamau@example.com
[INFO] 2026-05-03 13:43:49,484 basehttp 73537 139993294042816 "POST /users/api/auth/login/ HTTP/1.1" 200 1423
[INFO] 2026-05-03 13:43:49,484 basehttp 73537 139993294042816 "POST /users/api/auth/login/ HTTP/1.1" 200 1423
[WARNING] 2026-05-03 13:46:53,311 basehttp 73537 139993294042816 "POST /users/api/auth/logout/ HTTP/1.1" 401 58
[WARNING] 2026-05-03 13:46:53,311 basehttp 73537 139993294042816 "POST /users/api/auth/logout/ HTTP/1.1" 401 58
[WARNING] 2026-05-03 13:47:22,434 basehttp 73537 139993294042816 "POST /users/api/auth/logout/ HTTP/1.1" 401 176
[WARNING] 2026-05-03 13:47:22,434 basehttp 73537 139993294042816 "POST /users/api/auth/logout/ HTTP/1.1" 401 176
[WARNING] 2026-05-03 13:47:50,862 basehttp 73537 139993294042816 "POST /users/api/auth/logout/ HTTP/1.1" 400 39
[WARNING] 2026-05-03 13:47:50,862 basehttp 73537 139993294042816 "POST /users/api/auth/logout/ HTTP/1.1" 400 39
[WARNING] 2026-05-03 13:47:52,103 basehttp 73537 139993294042816 "POST /users/api/auth/logout/ HTTP/1.1" 400 39
[WARNING] 2026-05-03 13:47:52,103 basehttp 73537 139993294042816 "POST /users/api/auth/logout/ HTTP/1.1" 400 39
[WARNING] 2026-05-03 13:48:25,235 basehttp 73537 139993294042816 "POST /users/api/auth/logout/ HTTP/1.1" 400 39
[WARNING] 2026-05-03 13:48:25,235 basehttp 73537 139993294042816 "POST /users/api/auth/logout/ HTTP/1.1" 400 39
[INFO] 2026-05-03 13:48:53,422 views 73537 139993294042816 User logged out: john.kamau@example.com
[INFO] 2026-05-03 13:48:53,422 views 73537 139993294042816 User logged out: john.kamau@example.com
[INFO] 2026-05-03 13:48:53,422 basehttp 73537 139993294042816 "POST /users/api/auth/logout/ HTTP/1.1" 200 37
[INFO] 2026-05-03 13:48:53,422 basehttp 73537 139993294042816 "POST /users/api/auth/logout/ HTTP/1.1" 200 37
[INFO] 2026-05-03 13:50:54,619 views 73537 139993294042816 User logged in: john.kamau@example.com
[INFO] 2026-05-03 13:50:54,619 views 73537 139993294042816 User logged in: john.kamau@example.com
[INFO] 2026-05-03 13:50:54,621 basehttp 73537 139993294042816 "POST /users/api/auth/login/ HTTP/1.1" 200 1423
[INFO] 2026-05-03 13:50:54,621 basehttp 73537 139993294042816 "POST /users/api/auth/login/ HTTP/1.1" 200 1423
[INFO] 2026-05-03 13:51:20,998 views 73537 139993294042816 Company registration email sent to john.kamau@example.com
[INFO] 2026-05-03 13:51:20,998 views 73537 139993294042816 Company registration email sent to john.kamau@example.com
[INFO] 2026-05-03 13:51:21,006 views 73537 139993294042816 Company registered by john.kamau@example.com: Speedy Logistics Ltd
[INFO] 2026-05-03 13:51:21,006 views 73537 139993294042816 Company registered by john.kamau@example.com: Speedy Logistics Ltd
[INFO] 2026-05-03 13:51:21,013 basehttp 73537 139993294042816 "POST /users/api/company/register/ HTTP/1.1" 201 2141
[INFO] 2026-05-03 13:51:21,013 basehttp 73537 139993294042816 "POST /users/api/company/register/ HTTP/1.1" 201 2141
[INFO] 2026-05-03 13:53:18,222 basehttp 73537 139993294042816 "GET /users/api/company/ HTTP/1.1" 200 881
[INFO] 2026-05-03 13:53:18,222 basehttp 73537 139993294042816 "GET /users/api/company/ HTTP/1.1" 200 881
[INFO] 2026-05-03 13:56:05,463 views 73537 139993294042816 Company updated by john.kamau@example.com: Speedy Logistics Ltd
[INFO] 2026-05-03 13:56:05,463 views 73537 139993294042816 Company updated by john.kamau@example.com: Speedy Logistics Ltd
[INFO] 2026-05-03 13:56:05,468 basehttp 73537 139993294042816 "PATCH /users/api/company/update/ HTTP/1.1" 200 938
[INFO] 2026-05-03 13:56:05,468 basehttp 73537 139993294042816 "PATCH /users/api/company/update/ HTTP/1.1" 200 938
[WARNING] 2026-05-03 13:58:38,379 basehttp 73537 139993294042816 "POST /users/api/company/status/ HTTP/1.1" 405 41
[WARNING] 2026-05-03 13:58:38,379 basehttp 73537 139993294042816 "POST /users/api/company/status/ HTTP/1.1" 405 41
[INFO] 2026-05-03 13:59:05,647 views 73537 139993294042816 Onboarding email sent to driver1@example.com
[INFO] 2026-05-03 13:59:05,647 views 73537 139993294042816 Onboarding email sent to driver1@example.com
[INFO] 2026-05-03 13:59:05,651 views 73537 139993294042816 Driver onboarded by john.kamau@example.com: driver1@example.com for company Speedy Logistics Ltd
[INFO] 2026-05-03 13:59:05,651 views 73537 139993294042816 Driver onboarded by john.kamau@example.com: driver1@example.com for company Speedy Logistics Ltd
[INFO] 2026-05-03 13:59:05,658 basehttp 73537 139993294042816 "POST /users/api/drivers/onboard/ HTTP/1.1" 201 1469
[INFO] 2026-05-03 13:59:05,658 basehttp 73537 139993294042816 "POST /users/api/drivers/onboard/ HTTP/1.1" 201 1469
[INFO] 2026-05-03 14:02:06,423 autoreload 93586 140679320654336 Watching for file changes with StatReloader
[INFO] 2026-05-03 14:02:06,423 autoreload 93586 140679320654336 Watching for file changes with StatReloader
[WARNING] 2026-05-03 14:02:36,266 basehttp 93586 140679256733376 "GET /users/api/auth/verify-otp/ HTTP/1.1" 405 40
[WARNING] 2026-05-03 14:02:36,266 basehttp 93586 140679256733376 "GET /users/api/auth/verify-otp/ HTTP/1.1" 405 40
[WARNING] 2026-05-03 14:02:42,820 basehttp 93586 140679256733376 "POST /users/api/auth/verify-otp/ HTTP/1.1" 400 68
[WARNING] 2026-05-03 14:02:42,820 basehttp 93586 140679256733376 "POST /users/api/auth/verify-otp/ HTTP/1.1" 400 68
[INFO] 2026-05-03 14:12:25,324 autoreload 93586 140679320654336 /home/genius/Projects/fleet_flow/fleetflow-backend/oauth/serializers.py changed, reloading.
[INFO] 2026-05-03 14:12:25,324 autoreload 93586 140679320654336 /home/genius/Projects/fleet_flow/fleetflow-backend/oauth/serializers.py changed, reloading.
[INFO] 2026-05-03 14:12:26,942 autoreload 102682 140621163082240 Watching for file changes with StatReloader
[INFO] 2026-05-03 14:12:26,942 autoreload 102682 140621163082240 Watching for file changes with StatReloader
[INFO] 2026-05-03 14:17:39,562 autoreload 102682 140621163082240 /home/genius/Projects/fleet_flow/fleetflow-backend/oauth/serializers.py changed, reloading.
[INFO] 2026-05-03 14:17:39,562 autoreload 102682 140621163082240 /home/genius/Projects/fleet_flow/fleetflow-backend/oauth/serializers.py changed, reloading.
[INFO] 2026-05-03 14:17:40,049 autoreload 107349 140109477061120 Watching for file changes with StatReloader
[INFO] 2026-05-03 14:17:40,049 autoreload 107349 140109477061120 Watching for file changes with StatReloader
[INFO] 2026-05-03 14:17:52,712 autoreload 107349 140109477061120 /home/genius/Projects/fleet_flow/fleetflow-backend/oauth/serializers.py changed, reloading.
[INFO] 2026-05-03 14:17:52,712 autoreload 107349 140109477061120 /home/genius/Projects/fleet_flow/fleetflow-backend/oauth/serializers.py changed, reloading.
[INFO] 2026-05-03 14:17:53,297 autoreload 107538 140284251091456 Watching for file changes with StatReloader
[INFO] 2026-05-03 14:17:53,297 autoreload 107538 140284251091456 Watching for file changes with StatReloader
[INFO] 2026-05-03 14:22:13,448 autoreload 107538 140284251091456 /home/genius/Projects/fleet_flow/fleetflow-backend/oauth/models.py changed, reloading.
[INFO] 2026-05-03 14:22:13,448 autoreload 107538 140284251091456 /home/genius/Projects/fleet_flow/fleetflow-backend/oauth/models.py changed, reloading.
[INFO] 2026-05-03 14:22:13,972 autoreload 111329 140026207998464 Watching for file changes with StatReloader
[INFO] 2026-05-03 14:22:13,972 autoreload 111329 140026207998464 Watching for file changes with StatReloader
[INFO] 2026-05-03 14:22:15,377 autoreload 111329 140026207998464 /home/genius/Projects/fleet_flow/fleetflow-backend/oauth/models.py changed, reloading.
[INFO] 2026-05-03 14:22:15,377 autoreload 111329 140026207998464 /home/genius/Projects/fleet_flow/fleetflow-backend/oauth/models.py changed, reloading.
[INFO] 2026-05-03 14:22:16,081 autoreload 111356 140056836678144 Watching for file changes with StatReloader
[INFO] 2026-05-03 14:22:16,081 autoreload 111356 140056836678144 Watching for file changes with StatReloader
[INFO] 2026-05-03 14:22:20,402 autoreload 111356 140056836678144 /home/genius/Projects/fleet_flow/fleetflow-backend/oauth/models.py changed, reloading.
[INFO] 2026-05-03 14:22:20,402 autoreload 111356 140056836678144 /home/genius/Projects/fleet_flow/fleetflow-backend/oauth/models.py changed, reloading.
[INFO] 2026-05-03 14:22:20,980 autoreload 111431 140501941088768 Watching for file changes with StatReloader
[INFO] 2026-05-03 14:22:20,980 autoreload 111431 140501941088768 Watching for file changes with StatReloader
[INFO] 2026-05-03 14:29:23,127 autoreload 111431 140501941088768 /home/genius/Projects/fleet_flow/fleetflow-backend/oauth/views.py changed, reloading.
[INFO] 2026-05-03 14:29:23,127 autoreload 111431 140501941088768 /home/genius/Projects/fleet_flow/fleetflow-backend/oauth/views.py changed, reloading.
[INFO] 2026-05-03 14:29:23,714 autoreload 117966 140201193652736 Watching for file changes with StatReloader
[INFO] 2026-05-03 14:29:23,714 autoreload 117966 140201193652736 Watching for file changes with StatReloader
[INFO] 2026-05-03 14:29:33,396 autoreload 117966 140201193652736 /home/genius/Projects/fleet_flow/fleetflow-backend/oauth/urls.py changed, reloading.
[INFO] 2026-05-03 14:29:33,396 autoreload 117966 140201193652736 /home/genius/Projects/fleet_flow/fleetflow-backend/oauth/urls.py changed, reloading.
[INFO] 2026-05-03 14:29:33,979 autoreload 118118 140419969864192 Watching for file changes with StatReloader
[INFO] 2026-05-03 14:29:33,979 autoreload 118118 140419969864192 Watching for file changes with StatReloader
[INFO] 2026-05-03 14:30:47,130 autoreload 119212 140124202492416 Watching for file changes with StatReloader
[INFO] 2026-05-03 14:30:47,130 autoreload 119212 140124202492416 Watching for file changes with StatReloader
[WARNING] 2026-05-03 14:34:21,263 basehttp 119212 140124138501824 "POST /users/api/auth/register/ HTTP/1.1" 400 113
[WARNING] 2026-05-03 14:34:21,263 basehttp 119212 140124138501824 "POST /users/api/auth/register/ HTTP/1.1" 400 113
[INFO] 2026-05-03 14:37:57,372 views 119212 140124138501824 User logged in: john.kamau@example.com
[INFO] 2026-05-03 14:37:57,372 views 119212 140124138501824 User logged in: john.kamau@example.com
[INFO] 2026-05-03 14:37:57,380 basehttp 119212 140124138501824 "POST /users/api/auth/login/ HTTP/1.1" 200 2547
[INFO] 2026-05-03 14:37:57,380 basehttp 119212 140124138501824 "POST /users/api/auth/login/ HTTP/1.1" 200 2547
[WARNING] 2026-05-03 14:38:32,496 basehttp 119212 140124138501824 "POST /users/api/drivers/onboard/ HTTP/1.1" 400 113
[WARNING] 2026-05-03 14:38:32,496 basehttp 119212 140124138501824 "POST /users/api/drivers/onboard/ HTTP/1.1" 400 113
[ERROR] 2026-05-03 14:39:00,150 basehttp 119212 140124138501824 "POST /users/api/drivers/onboard/ HTTP/1.1" 500 232609
[ERROR] 2026-05-03 14:39:00,150 basehttp 119212 140124138501824 "POST /users/api/drivers/onboard/ HTTP/1.1" 500 232609
[WARNING] 2026-05-03 14:39:19,242 basehttp 119212 140124138501824 "POST /users/api/drivers/onboard/ HTTP/1.1" 400 113
[WARNING] 2026-05-03 14:39:19,242 basehttp 119212 140124138501824 "POST /users/api/drivers/onboard/ HTTP/1.1" 400 113
[WARNING] 2026-05-03 14:39:31,683 basehttp 119212 140124138501824 "POST /users/api/drivers/onboard/ HTTP/1.1" 400 64
[WARNING] 2026-05-03 14:39:31,683 basehttp 119212 140124138501824 "POST /users/api/drivers/onboard/ HTTP/1.1" 400 64
[ERROR] 2026-05-03 14:39:40,025 basehttp 119212 140124138501824 "POST /users/api/drivers/onboard/ HTTP/1.1" 500 232753
[ERROR] 2026-05-03 14:39:40,025 basehttp 119212 140124138501824 "POST /users/api/drivers/onboard/ HTTP/1.1" 500 232753
[WARNING] 2026-05-03 14:40:09,003 basehttp 119212 140124138501824 "POST /users/api/drivers/onboard/ HTTP/1.1" 400 113
[WARNING] 2026-05-03 14:40:09,003 basehttp 119212 140124138501824 "POST /users/api/drivers/onboard/ HTTP/1.1" 400 113
[INFO] 2026-05-04 14:33:50,564 autoreload 689987 140199514206720 Watching for file changes with StatReloader
[INFO] 2026-05-04 14:33:50,564 autoreload 689987 140199514206720 Watching for file changes with StatReloader
[INFO] 2026-05-04 14:34:43,148 autoreload 690820 140113813303808 Watching for file changes with StatReloader
[INFO] 2026-05-04 14:34:43,148 autoreload 690820 140113813303808 Watching for file changes with StatReloader
[INFO] 2026-05-04 16:40:24,134 autoreload 690820 140113813303808 /home/genius/Projects/fleet_flow/fleetflow-backend/fleetflow/urls.py changed, reloading.
[INFO] 2026-05-04 16:40:24,134 autoreload 690820 140113813303808 /home/genius/Projects/fleet_flow/fleetflow-backend/fleetflow/urls.py changed, reloading.
[INFO] 2026-05-04 16:40:24,977 autoreload 729430 140229614936576 Watching for file changes with StatReloader
[INFO] 2026-05-04 16:40:24,977 autoreload 729430 140229614936576 Watching for file changes with StatReloader
[INFO] 2026-05-04 16:40:27,354 autoreload 729430 140229614936576 /home/genius/Projects/fleet_flow/fleetflow-backend/fleetflow/urls.py changed, reloading.
[INFO] 2026-05-04 16:40:27,354 autoreload 729430 140229614936576 /home/genius/Projects/fleet_flow/fleetflow-backend/fleetflow/urls.py changed, reloading.
[INFO] 2026-05-04 16:40:28,169 autoreload 729471 139910553141760 Watching for file changes with StatReloader
[INFO] 2026-05-04 16:40:28,169 autoreload 729471 139910553141760 Watching for file changes with StatReloader
[INFO] 2026-05-04 16:41:05,930 autoreload 729471 139910553141760 /home/genius/Projects/fleet_flow/fleetflow-backend/fleetflow/settings.py changed, reloading.
[INFO] 2026-05-04 16:41:05,930 autoreload 729471 139910553141760 /home/genius/Projects/fleet_flow/fleetflow-backend/fleetflow/settings.py changed, reloading.
[INFO] 2026-05-04 16:41:06,693 autoreload 730044 139887910261248 Watching for file changes with StatReloader
[INFO] 2026-05-04 16:41:06,693 autoreload 730044 139887910261248 Watching for file changes with StatReloader
[INFO] 2026-05-04 16:41:08,133 autoreload 730044 139887910261248 /home/genius/Projects/fleet_flow/fleetflow-backend/fleetflow/settings.py changed, reloading.
[INFO] 2026-05-04 16:41:08,133 autoreload 730044 139887910261248 /home/genius/Projects/fleet_flow/fleetflow-backend/fleetflow/settings.py changed, reloading.
[INFO] 2026-05-04 16:41:08,899 autoreload 730071 140618069504512 Watching for file changes with StatReloader
[INFO] 2026-05-04 16:41:08,899 autoreload 730071 140618069504512 Watching for file changes with StatReloader
[INFO] 2026-05-04 16:41:10,450 autoreload 730071 140618069504512 /home/genius/Projects/fleet_flow/fleetflow-backend/fleetflow/settings.py changed, reloading.
[INFO] 2026-05-04 16:41:10,450 autoreload 730071 140618069504512 /home/genius/Projects/fleet_flow/fleetflow-backend/fleetflow/settings.py changed, reloading.
[INFO] 2026-05-04 16:41:11,292 autoreload 730119 140300892721664 Watching for file changes with StatReloader
[INFO] 2026-05-04 16:41:11,292 autoreload 730119 140300892721664 Watching for file changes with StatReloader
[INFO] 2026-05-04 16:42:15,558 autoreload 731081 139996176769536 Watching for file changes with StatReloader
[INFO] 2026-05-04 16:42:15,558 autoreload 731081 139996176769536 Watching for file changes with StatReloader
[INFO] 2026-05-08 06:58:54,765 autoreload 24913 140237519593984 Watching for file changes with StatReloader
[INFO] 2026-05-08 06:58:54,765 autoreload 24913 140237519593984 Watching for file changes with StatReloader
[INFO] 2026-05-08 08:35:05,802 autoreload 73435 140140005634560 Watching for file changes with StatReloader
[INFO] 2026-05-08 08:35:05,802 autoreload 73435 140140005634560 Watching for file changes with StatReloader
[INFO] 2026-05-08 08:41:58,532 autoreload 73435 140140005634560 /home/genius/Projects/fleet_flow/fleetflow-backend/fleetflow/settings.py changed, reloading.
[INFO] 2026-05-08 08:41:58,532 autoreload 73435 140140005634560 /home/genius/Projects/fleet_flow/fleetflow-backend/fleetflow/settings.py changed, reloading.
[INFO] 2026-05-08 08:41:59,134 autoreload 79536 140318277526016 Watching for file changes with StatReloader
[INFO] 2026-05-08 08:41:59,134 autoreload 79536 140318277526016 Watching for file changes with StatReloader
[INFO] 2026-05-08 08:42:01,360 autoreload 79536 140318277526016 /home/genius/Projects/fleet_flow/fleetflow-backend/fleetflow/settings.py changed, reloading.
[INFO] 2026-05-08 08:42:01,360 autoreload 79536 140318277526016 /home/genius/Projects/fleet_flow/fleetflow-backend/fleetflow/settings.py changed, reloading.
[INFO] 2026-05-08 08:42:02,034 autoreload 79580 140398645563904 Watching for file changes with StatReloader
[INFO] 2026-05-08 08:42:02,034 autoreload 79580 140398645563904 Watching for file changes with StatReloader
[INFO] 2026-05-08 08:42:03,238 autoreload 79580 140398645563904 /home/genius/Projects/fleet_flow/fleetflow-backend/fleetflow/settings.py changed, reloading.
[INFO] 2026-05-08 08:42:03,238 autoreload 79580 140398645563904 /home/genius/Projects/fleet_flow/fleetflow-backend/fleetflow/settings.py changed, reloading.
[INFO] 2026-05-08 08:42:03,834 autoreload 79607 140387392557568 Watching for file changes with StatReloader
[INFO] 2026-05-08 08:42:03,834 autoreload 79607 140387392557568 Watching for file changes with StatReloader
[INFO] 2026-05-08 08:42:07,026 autoreload 79607 140387392557568 /home/genius/Projects/fleet_flow/fleetflow-backend/fleetflow/settings.py changed, reloading.
[INFO] 2026-05-08 08:42:07,026 autoreload 79607 140387392557568 /home/genius/Projects/fleet_flow/fleetflow-backend/fleetflow/settings.py changed, reloading.
[INFO] 2026-05-08 08:42:07,756 autoreload 79677 140211410784768 Watching for file changes with StatReloader
[INFO] 2026-05-08 08:42:07,756 autoreload 79677 140211410784768 Watching for file changes with StatReloader
[INFO] 2026-05-08 08:42:09,197 autoreload 79677 140211410784768 /home/genius/Projects/fleet_flow/fleetflow-backend/fleetflow/settings.py changed, reloading.
[INFO] 2026-05-08 08:42:09,197 autoreload 79677 140211410784768 /home/genius/Projects/fleet_flow/fleetflow-backend/fleetflow/settings.py changed, reloading.
[INFO] 2026-05-08 08:42:09,751 autoreload 79714 140408036389376 Watching for file changes with StatReloader
[INFO] 2026-05-08 08:42:09,751 autoreload 79714 140408036389376 Watching for file changes with StatReloader
[INFO] 2026-05-08 08:42:21,518 autoreload 79714 140408036389376 /home/genius/Projects/fleet_flow/fleetflow-backend/fleetflow/urls.py changed, reloading.
[INFO] 2026-05-08 08:42:21,518 autoreload 79714 140408036389376 /home/genius/Projects/fleet_flow/fleetflow-backend/fleetflow/urls.py changed, reloading.
[INFO] 2026-05-08 08:42:22,401 autoreload 79902 140242136928768 Watching for file changes with StatReloader
[INFO] 2026-05-08 08:42:22,401 autoreload 79902 140242136928768 Watching for file changes with StatReloader
[INFO] 2026-05-08 08:42:23,825 autoreload 79902 140242136928768 /home/genius/Projects/fleet_flow/fleetflow-backend/fleetflow/urls.py changed, reloading.
[INFO] 2026-05-08 08:42:23,825 autoreload 79902 140242136928768 /home/genius/Projects/fleet_flow/fleetflow-backend/fleetflow/urls.py changed, reloading.
[INFO] 2026-05-08 08:42:24,709 autoreload 79935 140648580153856 Watching for file changes with StatReloader
[INFO] 2026-05-08 08:42:24,709 autoreload 79935 140648580153856 Watching for file changes with StatReloader
[INFO] 2026-05-08 08:43:57,085 autoreload 79935 140648580153856 /home/genius/Projects/fleet_flow/fleetflow-backend/trips/models.py changed, reloading.
[INFO] 2026-05-08 08:43:57,085 autoreload 79935 140648580153856 /home/genius/Projects/fleet_flow/fleetflow-backend/trips/models.py changed, reloading.
[INFO] 2026-05-08 08:43:57,871 autoreload 81321 140231959020032 Watching for file changes with StatReloader
[INFO] 2026-05-08 08:43:57,871 autoreload 81321 140231959020032 Watching for file changes with StatReloader
[INFO] 2026-05-08 08:44:07,469 autoreload 81321 140231959020032 /home/genius/Projects/fleet_flow/fleetflow-backend/trips/models.py changed, reloading.
[INFO] 2026-05-08 08:44:07,469 autoreload 81321 140231959020032 /home/genius/Projects/fleet_flow/fleetflow-backend/trips/models.py changed, reloading.
[INFO] 2026-05-08 08:44:08,281 autoreload 81485 140432254194176 Watching for file changes with StatReloader
[INFO] 2026-05-08 08:44:08,281 autoreload 81485 140432254194176 Watching for file changes with StatReloader
[INFO] 2026-05-08 08:44:31,087 autoreload 81485 140432254194176 /home/genius/Projects/fleet_flow/fleetflow-backend/trips/models.py changed, reloading.
[INFO] 2026-05-08 08:44:31,087 autoreload 81485 140432254194176 /home/genius/Projects/fleet_flow/fleetflow-backend/trips/models.py changed, reloading.
[INFO] 2026-05-08 08:44:31,773 autoreload 81824 140376043868672 Watching for file changes with StatReloader
[INFO] 2026-05-08 08:44:31,773 autoreload 81824 140376043868672 Watching for file changes with StatReloader
[INFO] 2026-05-08 08:45:00,773 autoreload 81824 140376043868672 /home/genius/Projects/fleet_flow/fleetflow-backend/trips/models.py changed, reloading.
[INFO] 2026-05-08 08:45:00,773 autoreload 81824 140376043868672 /home/genius/Projects/fleet_flow/fleetflow-backend/trips/models.py changed, reloading.
[INFO] 2026-05-08 08:45:01,729 autoreload 82266 140404978639360 Watching for file changes with StatReloader
[INFO] 2026-05-08 08:45:01,729 autoreload 82266 140404978639360 Watching for file changes with StatReloader
[INFO] 2026-05-08 08:45:07,116 autoreload 82266 140404978639360 /home/genius/Projects/fleet_flow/fleetflow-backend/trips/models.py changed, reloading.
[INFO] 2026-05-08 08:45:07,116 autoreload 82266 140404978639360 /home/genius/Projects/fleet_flow/fleetflow-backend/trips/models.py changed, reloading.
[INFO] 2026-05-08 08:45:07,665 autoreload 82351 140644612633088 Watching for file changes with StatReloader
[INFO] 2026-05-08 08:45:07,665 autoreload 82351 140644612633088 Watching for file changes with StatReloader
[INFO] 2026-05-08 08:45:09,969 autoreload 82351 140644612633088 /home/genius/Projects/fleet_flow/fleetflow-backend/trips/models.py changed, reloading.
[INFO] 2026-05-08 08:45:09,969 autoreload 82351 140644612633088 /home/genius/Projects/fleet_flow/fleetflow-backend/trips/models.py changed, reloading.
[INFO] 2026-05-08 08:45:10,571 autoreload 82411 139919479005696 Watching for file changes with StatReloader
[INFO] 2026-05-08 08:45:10,571 autoreload 82411 139919479005696 Watching for file changes with StatReloader
[INFO] 2026-05-08 08:45:15,937 autoreload 82411 139919479005696 /home/genius/Projects/fleet_flow/fleetflow-backend/trips/models.py changed, reloading.
[INFO] 2026-05-08 08:45:15,937 autoreload 82411 139919479005696 /home/genius/Projects/fleet_flow/fleetflow-backend/trips/models.py changed, reloading.
[INFO] 2026-05-08 08:45:16,633 autoreload 82492 140623572783616 Watching for file changes with StatReloader
[INFO] 2026-05-08 08:45:16,633 autoreload 82492 140623572783616 Watching for file changes with StatReloader
[INFO] 2026-05-08 08:45:19,997 autoreload 82492 140623572783616 /home/genius/Projects/fleet_flow/fleetflow-backend/trips/models.py changed, reloading.
[INFO] 2026-05-08 08:45:19,997 autoreload 82492 140623572783616 /home/genius/Projects/fleet_flow/fleetflow-backend/trips/models.py changed, reloading.
[INFO] 2026-05-08 08:45:20,601 autoreload 82569 139920367276544 Watching for file changes with StatReloader
[INFO] 2026-05-08 08:45:20,601 autoreload 82569 139920367276544 Watching for file changes with StatReloader
[INFO] 2026-05-08 08:45:23,968 autoreload 82569 139920367276544 /home/genius/Projects/fleet_flow/fleetflow-backend/trips/models.py changed, reloading.
[INFO] 2026-05-08 08:45:23,968 autoreload 82569 139920367276544 /home/genius/Projects/fleet_flow/fleetflow-backend/trips/models.py changed, reloading.
[INFO] 2026-05-08 08:45:24,544 autoreload 82622 140330508190208 Watching for file changes with StatReloader
[INFO] 2026-05-08 08:45:24,544 autoreload 82622 140330508190208 Watching for file changes with StatReloader
[INFO] 2026-05-08 08:45:28,863 autoreload 82622 140330508190208 /home/genius/Projects/fleet_flow/fleetflow-backend/trips/models.py changed, reloading.
[INFO] 2026-05-08 08:45:28,863 autoreload 82622 140330508190208 /home/genius/Projects/fleet_flow/fleetflow-backend/trips/models.py changed, reloading.
[INFO] 2026-05-08 08:45:29,689 autoreload 82717 140110427030016 Watching for file changes with StatReloader
[INFO] 2026-05-08 08:45:29,689 autoreload 82717 140110427030016 Watching for file changes with StatReloader
[INFO] 2026-05-08 08:45:38,138 autoreload 82717 140110427030016 /home/genius/Projects/fleet_flow/fleetflow-backend/trips/models.py changed, reloading.
[INFO] 2026-05-08 08:45:38,138 autoreload 82717 140110427030016 /home/genius/Projects/fleet_flow/fleetflow-backend/trips/models.py changed, reloading.
[INFO] 2026-05-08 08:45:38,729 autoreload 82837 140390877934080 Watching for file changes with StatReloader
[INFO] 2026-05-08 08:45:38,729 autoreload 82837 140390877934080 Watching for file changes with StatReloader
[INFO] 2026-05-08 08:45:45,072 autoreload 82837 140390877934080 /home/genius/Projects/fleet_flow/fleetflow-backend/trips/models.py changed, reloading.
[INFO] 2026-05-08 08:45:45,072 autoreload 82837 140390877934080 /home/genius/Projects/fleet_flow/fleetflow-backend/trips/models.py changed, reloading.
[INFO] 2026-05-08 08:45:45,669 autoreload 82957 139939914367488 Watching for file changes with StatReloader
[INFO] 2026-05-08 08:45:45,669 autoreload 82957 139939914367488 Watching for file changes with StatReloader
[INFO] 2026-05-08 08:45:47,949 autoreload 82957 139939914367488 /home/genius/Projects/fleet_flow/fleetflow-backend/trips/models.py changed, reloading.
[INFO] 2026-05-08 08:45:47,949 autoreload 82957 139939914367488 /home/genius/Projects/fleet_flow/fleetflow-backend/trips/models.py changed, reloading.
[INFO] 2026-05-08 08:45:48,617 autoreload 82998 140131200094720 Watching for file changes with StatReloader
[INFO] 2026-05-08 08:45:48,617 autoreload 82998 140131200094720 Watching for file changes with StatReloader
[INFO] 2026-05-08 08:45:50,928 autoreload 82998 140131200094720 /home/genius/Projects/fleet_flow/fleetflow-backend/trips/models.py changed, reloading.
[INFO] 2026-05-08 08:45:50,928 autoreload 82998 140131200094720 /home/genius/Projects/fleet_flow/fleetflow-backend/trips/models.py changed, reloading.
[INFO] 2026-05-08 08:45:51,480 autoreload 83053 140373347193344 Watching for file changes with StatReloader
[INFO] 2026-05-08 08:45:51,480 autoreload 83053 140373347193344 Watching for file changes with StatReloader
[INFO] 2026-05-08 08:46:03,025 autoreload 83053 140373347193344 /home/genius/Projects/fleet_flow/fleetflow-backend/trips/models.py changed, reloading.
[INFO] 2026-05-08 08:46:03,025 autoreload 83053 140373347193344 /home/genius/Projects/fleet_flow/fleetflow-backend/trips/models.py changed, reloading.
[INFO] 2026-05-08 08:46:03,595 autoreload 83235 140216339612160 Watching for file changes with StatReloader
[INFO] 2026-05-08 08:46:03,595 autoreload 83235 140216339612160 Watching for file changes with StatReloader
[INFO] 2026-05-08 08:46:04,890 autoreload 83235 140216339612160 /home/genius/Projects/fleet_flow/fleetflow-backend/trips/models.py changed, reloading.
[INFO] 2026-05-08 08:46:04,890 autoreload 83235 140216339612160 /home/genius/Projects/fleet_flow/fleetflow-backend/trips/models.py changed, reloading.
[INFO] 2026-05-08 08:46:05,649 autoreload 83269 139803183923712 Watching for file changes with StatReloader
[INFO] 2026-05-08 08:46:05,649 autoreload 83269 139803183923712 Watching for file changes with StatReloader
[INFO] 2026-05-08 08:46:07,948 autoreload 83269 139803183923712 /home/genius/Projects/fleet_flow/fleetflow-backend/trips/models.py changed, reloading.
[INFO] 2026-05-08 08:46:07,948 autoreload 83269 139803183923712 /home/genius/Projects/fleet_flow/fleetflow-backend/trips/models.py changed, reloading.
[INFO] 2026-05-08 08:46:08,570 autoreload 83314 139929753223680 Watching for file changes with StatReloader
[INFO] 2026-05-08 08:46:08,570 autoreload 83314 139929753223680 Watching for file changes with StatReloader
[INFO] 2026-05-08 08:46:10,837 autoreload 83314 139929753223680 /home/genius/Projects/fleet_flow/fleetflow-backend/trips/models.py changed, reloading.
[INFO] 2026-05-08 08:46:10,837 autoreload 83314 139929753223680 /home/genius/Projects/fleet_flow/fleetflow-backend/trips/models.py changed, reloading.
[INFO] 2026-05-08 08:46:11,410 autoreload 83377 140625162318336 Watching for file changes with StatReloader
[INFO] 2026-05-08 08:46:11,410 autoreload 83377 140625162318336 Watching for file changes with StatReloader
[INFO] 2026-05-08 08:46:23,975 autoreload 83377 140625162318336 /home/genius/Projects/fleet_flow/fleetflow-backend/trips/models.py changed, reloading.
[INFO] 2026-05-08 08:46:23,975 autoreload 83377 140625162318336 /home/genius/Projects/fleet_flow/fleetflow-backend/trips/models.py changed, reloading.
[INFO] 2026-05-08 08:46:24,584 autoreload 83589 140635172921856 Watching for file changes with StatReloader
[INFO] 2026-05-08 08:46:24,584 autoreload 83589 140635172921856 Watching for file changes with StatReloader
[INFO] 2026-05-08 08:46:26,902 autoreload 83589 140635172921856 /home/genius/Projects/fleet_flow/fleetflow-backend/trips/models.py changed, reloading.
[INFO] 2026-05-08 08:46:26,902 autoreload 83589 140635172921856 /home/genius/Projects/fleet_flow/fleetflow-backend/trips/models.py changed, reloading.
[INFO] 2026-05-08 08:46:27,571 autoreload 83644 139814088020480 Watching for file changes with StatReloader
[INFO] 2026-05-08 08:46:27,571 autoreload 83644 139814088020480 Watching for file changes with StatReloader
[INFO] 2026-05-08 08:47:09,187 autoreload 83644 139814088020480 /home/genius/Projects/fleet_flow/fleetflow-backend/trips/models.py changed, reloading.
[INFO] 2026-05-08 08:47:09,187 autoreload 83644 139814088020480 /home/genius/Projects/fleet_flow/fleetflow-backend/trips/models.py changed, reloading.
[INFO] 2026-05-08 08:47:09,897 autoreload 84245 139821744742912 Watching for file changes with StatReloader
[INFO] 2026-05-08 08:47:09,897 autoreload 84245 139821744742912 Watching for file changes with StatReloader
[INFO] 2026-05-08 08:47:19,374 autoreload 84245 139821744742912 /home/genius/Projects/fleet_flow/fleetflow-backend/trips/models.py changed, reloading.
[INFO] 2026-05-08 08:47:19,374 autoreload 84245 139821744742912 /home/genius/Projects/fleet_flow/fleetflow-backend/trips/models.py changed, reloading.
[INFO] 2026-05-08 08:47:19,957 autoreload 84399 140454729196032 Watching for file changes with StatReloader
[INFO] 2026-05-08 08:47:19,957 autoreload 84399 140454729196032 Watching for file changes with StatReloader
[INFO] 2026-05-08 08:47:22,305 autoreload 84399 140454729196032 /home/genius/Projects/fleet_flow/fleetflow-backend/trips/models.py changed, reloading.
[INFO] 2026-05-08 08:47:22,305 autoreload 84399 140454729196032 /home/genius/Projects/fleet_flow/fleetflow-backend/trips/models.py changed, reloading.
[INFO] 2026-05-08 08:47:22,932 autoreload 84469 140570507518464 Watching for file changes with StatReloader
[INFO] 2026-05-08 08:47:22,932 autoreload 84469 140570507518464 Watching for file changes with StatReloader
[INFO] 2026-05-08 08:47:25,181 autoreload 84469 140570507518464 /home/genius/Projects/fleet_flow/fleetflow-backend/trips/models.py changed, reloading.
[INFO] 2026-05-08 08:47:25,181 autoreload 84469 140570507518464 /home/genius/Projects/fleet_flow/fleetflow-backend/trips/models.py changed, reloading.
[INFO] 2026-05-08 08:47:25,831 autoreload 84505 139879473304064 Watching for file changes with StatReloader
[INFO] 2026-05-08 08:47:25,831 autoreload 84505 139879473304064 Watching for file changes with StatReloader
[INFO] 2026-05-08 08:47:27,146 autoreload 84505 139879473304064 /home/genius/Projects/fleet_flow/fleetflow-backend/trips/models.py changed, reloading.
[INFO] 2026-05-08 08:47:27,146 autoreload 84505 139879473304064 /home/genius/Projects/fleet_flow/fleetflow-backend/trips/models.py changed, reloading.
[INFO] 2026-05-08 08:47:27,716 autoreload 84537 140375314854400 Watching for file changes with StatReloader
[INFO] 2026-05-08 08:47:27,716 autoreload 84537 140375314854400 Watching for file changes with StatReloader
[INFO] 2026-05-08 08:47:58,933 autoreload 84537 140375314854400 /home/genius/Projects/fleet_flow/fleetflow-backend/trips/models.py changed, reloading.
[INFO] 2026-05-08 08:47:58,933 autoreload 84537 140375314854400 /home/genius/Projects/fleet_flow/fleetflow-backend/trips/models.py changed, reloading.
[INFO] 2026-05-08 08:47:59,590 autoreload 85002 140066446443008 Watching for file changes with StatReloader
[INFO] 2026-05-08 08:47:59,590 autoreload 85002 140066446443008 Watching for file changes with StatReloader
[INFO] 2026-05-08 08:48:03,953 autoreload 85002 140066446443008 /home/genius/Projects/fleet_flow/fleetflow-backend/trips/models.py changed, reloading.
[INFO] 2026-05-08 08:48:03,953 autoreload 85002 140066446443008 /home/genius/Projects/fleet_flow/fleetflow-backend/trips/models.py changed, reloading.
[INFO] 2026-05-08 08:48:04,528 autoreload 85094 139836025258496 Watching for file changes with StatReloader
[INFO] 2026-05-08 08:48:04,528 autoreload 85094 139836025258496 Watching for file changes with StatReloader
[INFO] 2026-05-08 08:48:05,803 autoreload 85094 139836025258496 /home/genius/Projects/fleet_flow/fleetflow-backend/trips/models.py changed, reloading.
[INFO] 2026-05-08 08:48:05,803 autoreload 85094 139836025258496 /home/genius/Projects/fleet_flow/fleetflow-backend/trips/models.py changed, reloading.
[INFO] 2026-05-08 08:48:06,510 autoreload 85125 140311099949568 Watching for file changes with StatReloader
[INFO] 2026-05-08 08:48:06,510 autoreload 85125 140311099949568 Watching for file changes with StatReloader
[INFO] 2026-05-08 08:48:09,796 autoreload 85125 140311099949568 /home/genius/Projects/fleet_flow/fleetflow-backend/trips/models.py changed, reloading.
[INFO] 2026-05-08 08:48:09,796 autoreload 85125 140311099949568 /home/genius/Projects/fleet_flow/fleetflow-backend/trips/models.py changed, reloading.
[INFO] 2026-05-08 08:48:10,501 autoreload 85178 140587136971264 Watching for file changes with StatReloader
[INFO] 2026-05-08 08:48:10,501 autoreload 85178 140587136971264 Watching for file changes with StatReloader
[INFO] 2026-05-08 08:48:49,062 autoreload 85178 140587136971264 /home/genius/Projects/fleet_flow/fleetflow-backend/trips/models.py changed, reloading.
[INFO] 2026-05-08 08:48:49,062 autoreload 85178 140587136971264 /home/genius/Projects/fleet_flow/fleetflow-backend/trips/models.py changed, reloading.
[INFO] 2026-05-08 08:48:49,590 autoreload 85747 140669177283072 Watching for file changes with StatReloader
[INFO] 2026-05-08 08:48:49,590 autoreload 85747 140669177283072 Watching for file changes with StatReloader
[INFO] 2026-05-08 08:50:38,217 autoreload 85747 140669177283072 /home/genius/Projects/fleet_flow/fleetflow-backend/trips/models.py changed, reloading.
[INFO] 2026-05-08 08:50:38,217 autoreload 85747 140669177283072 /home/genius/Projects/fleet_flow/fleetflow-backend/trips/models.py changed, reloading.
[INFO] 2026-05-08 08:50:38,760 autoreload 87313 140610983801344 Watching for file changes with StatReloader
[INFO] 2026-05-08 08:50:38,760 autoreload 87313 140610983801344 Watching for file changes with StatReloader
[INFO] 2026-05-08 08:50:55,471 autoreload 87313 140610983801344 /home/genius/Projects/fleet_flow/fleetflow-backend/trips/models.py changed, reloading.
[INFO] 2026-05-08 08:50:55,471 autoreload 87313 140610983801344 /home/genius/Projects/fleet_flow/fleetflow-backend/trips/models.py changed, reloading.
[INFO] 2026-05-08 08:50:56,133 autoreload 87580 139806844469760 Watching for file changes with StatReloader
[INFO] 2026-05-08 08:50:56,133 autoreload 87580 139806844469760 Watching for file changes with StatReloader
[INFO] 2026-05-08 08:50:58,455 autoreload 87580 139806844469760 /home/genius/Projects/fleet_flow/fleetflow-backend/trips/models.py changed, reloading.
[INFO] 2026-05-08 08:50:58,455 autoreload 87580 139806844469760 /home/genius/Projects/fleet_flow/fleetflow-backend/trips/models.py changed, reloading.
[INFO] 2026-05-08 08:50:59,138 autoreload 87620 139959709041152 Watching for file changes with StatReloader
[INFO] 2026-05-08 08:50:59,138 autoreload 87620 139959709041152 Watching for file changes with StatReloader
[INFO] 2026-05-08 09:04:36,545 autoreload 87620 139959709041152 /home/genius/Projects/fleet_flow/fleetflow-backend/trips/urls.py changed, reloading.
[INFO] 2026-05-08 09:04:36,545 autoreload 87620 139959709041152 /home/genius/Projects/fleet_flow/fleetflow-backend/trips/urls.py changed, reloading.
[INFO] 2026-05-08 09:04:37,160 autoreload 99565 140711971201536 Watching for file changes with StatReloader
[INFO] 2026-05-08 09:04:37,160 autoreload 99565 140711971201536 Watching for file changes with StatReloader
[INFO] 2026-05-08 09:06:28,177 autoreload 101339 139706979017216 Watching for file changes with StatReloader
[INFO] 2026-05-08 09:06:28,177 autoreload 101339 139706979017216 Watching for file changes with StatReloader
[WARNING] 2026-05-08 09:06:38,152 basehttp 101339 139706914305728 "POST /users/api/auth/register/ HTTP/1.1" 400 64
[WARNING] 2026-05-08 09:06:38,152 basehttp 101339 139706914305728 "POST /users/api/auth/register/ HTTP/1.1" 400 64
[INFO] 2026-05-08 09:06:51,972 views 101339 139706914305728 Welcome email sent to john.mutisya@example.com
[INFO] 2026-05-08 09:06:51,972 views 101339 139706914305728 Welcome email sent to john.mutisya@example.com
[INFO] 2026-05-08 09:06:51,972 views 101339 139706914305728 New fleet owner registered: john.mutisya@example.com
[INFO] 2026-05-08 09:06:51,972 views 101339 139706914305728 New fleet owner registered: john.mutisya@example.com
[INFO] 2026-05-08 09:06:51,975 basehttp 101339 139706914305728 "POST /users/api/auth/register/ HTTP/1.1" 201 1437
[INFO] 2026-05-08 09:06:51,975 basehttp 101339 139706914305728 "POST /users/api/auth/register/ HTTP/1.1" 201 1437
[WARNING] 2026-05-08 09:07:34,009 basehttp 101339 139706914305728 "POST /users/api/company/register/ HTTP/1.1" 400 81
[WARNING] 2026-05-08 09:07:34,009 basehttp 101339 139706914305728 "POST /users/api/company/register/ HTTP/1.1" 400 81
[WARNING] 2026-05-08 09:07:44,778 basehttp 101339 139706914305728 "POST /users/api/company/register/ HTTP/1.1" 400 81
[WARNING] 2026-05-08 09:07:44,778 basehttp 101339 139706914305728 "POST /users/api/company/register/ HTTP/1.1" 400 81
[INFO] 2026-05-08 09:07:54,613 views 101339 139706914305728 Company registration email sent to john.mutisya@example.com
[INFO] 2026-05-08 09:07:54,613 views 101339 139706914305728 Company registration email sent to john.mutisya@example.com
[INFO] 2026-05-08 09:07:54,618 views 101339 139706914305728 Company registered by john.mutisya@example.com: Speedie Logistics Ltd
[INFO] 2026-05-08 09:07:54,618 views 101339 139706914305728 Company registered by john.mutisya@example.com: Speedie Logistics Ltd
[INFO] 2026-05-08 09:07:54,626 basehttp 101339 139706914305728 "POST /users/api/company/register/ HTTP/1.1" 201 2128
[INFO] 2026-05-08 09:07:54,626 basehttp 101339 139706914305728 "POST /users/api/company/register/ HTTP/1.1" 201 2128
[INFO] 2026-05-08 09:08:22,503 basehttp 101339 139706914305728 "GET /users/api/company/ HTTP/1.1" 200 860
[INFO] 2026-05-08 09:08:22,503 basehttp 101339 139706914305728 "GET /users/api/company/ HTTP/1.1" 200 860
[WARNING] 2026-05-08 09:08:49,475 basehttp 101339 139706914305728 "POST /users/api/drivers/onboard/ HTTP/1.1" 400 113
[WARNING] 2026-05-08 09:08:49,475 basehttp 101339 139706914305728 "POST /users/api/drivers/onboard/ HTTP/1.1" 400 113
[ERROR] 2026-05-08 09:09:07,331 basehttp 101339 139706914305728 "POST /users/api/drivers/onboard/ HTTP/1.1" 500 232441
[ERROR] 2026-05-08 09:09:07,331 basehttp 101339 139706914305728 "POST /users/api/drivers/onboard/ HTTP/1.1" 500 232441
[WARNING] 2026-05-08 09:09:11,569 basehttp 101339 139706914305728 "POST /users/api/drivers/onboard/ HTTP/1.1" 400 113
[WARNING] 2026-05-08 09:09:11,569 basehttp 101339 139706914305728 "POST /users/api/drivers/onboard/ HTTP/1.1" 400 113
[INFO] 2026-05-13 06:35:10,457 autoreload 13035 135459894125056 Watching for file changes with StatReloader
[INFO] 2026-05-13 06:35:10,457 autoreload 13035 135459894125056 Watching for file changes with StatReloader
[INFO] 2026-05-13 06:40:28,035 basehttp 13035 135459814504128 "OPTIONS /users/api/auth/login/ HTTP/1.1" 200 0
[INFO] 2026-05-13 06:40:28,035 basehttp 13035 135459814504128 "OPTIONS /users/api/auth/login/ HTTP/1.1" 200 0
[WARNING] 2026-05-13 06:40:28,277 basehttp 13035 135459814504128 "POST /users/api/auth/login/ HTTP/1.1" 400 22689
[WARNING] 2026-05-13 06:40:28,277 basehttp 13035 135459814504128 "POST /users/api/auth/login/ HTTP/1.1" 400 22689
[WARNING] 2026-05-13 06:41:19,580 basehttp 13035 135459814504128 "POST /users/api/auth/login/ HTTP/1.1" 400 22689
[WARNING] 2026-05-13 06:41:19,580 basehttp 13035 135459814504128 "POST /users/api/auth/login/ HTTP/1.1" 400 22689
[WARNING] 2026-05-13 06:41:20,584 basehttp 13035 135459814504128 "POST /users/api/auth/login/ HTTP/1.1" 400 22689
[WARNING] 2026-05-13 06:41:20,584 basehttp 13035 135459814504128 "POST /users/api/auth/login/ HTTP/1.1" 400 22689
[INFO] 2026-05-13 06:42:11,226 autoreload 14892 130787630141952 Watching for file changes with StatReloader
[INFO] 2026-05-13 06:42:11,226 autoreload 14892 130787630141952 Watching for file changes with StatReloader
[WARNING] 2026-05-13 06:42:30,649 basehttp 14892 130787549640384 "POST /users/api/auth/login/ HTTP/1.1" 400 22689
[WARNING] 2026-05-13 06:42:30,649 basehttp 14892 130787549640384 "POST /users/api/auth/login/ HTTP/1.1" 400 22689
[WARNING] 2026-05-13 06:42:39,049 basehttp 14892 130787549640384 "POST /users/api/auth/login/ HTTP/1.1" 400 22689
[WARNING] 2026-05-13 06:42:39,049 basehttp 14892 130787549640384 "POST /users/api/auth/login/ HTTP/1.1" 400 22689
[WARNING] 2026-05-13 06:42:48,841 basehttp 14892 130787549640384 "POST /users/api/auth/login/ HTTP/1.1" 400 22689
[WARNING] 2026-05-13 06:42:48,841 basehttp 14892 130787549640384 "POST /users/api/auth/login/ HTTP/1.1" 400 22689
[INFO] 2026-05-13 06:43:13,546 basehttp 14892 130787549640384 "OPTIONS /users/api/auth/register/ HTTP/1.1" 200 0
[INFO] 2026-05-13 06:43:13,546 basehttp 14892 130787549640384 "OPTIONS /users/api/auth/register/ HTTP/1.1" 200 0
[WARNING] 2026-05-13 06:43:13,575 basehttp 14892 130787549640384 "POST /users/api/auth/register/ HTTP/1.1" 400 22717
[WARNING] 2026-05-13 06:43:13,575 basehttp 14892 130787549640384 "POST /users/api/auth/register/ HTTP/1.1" 400 22717
[WARNING] 2026-05-13 07:04:11,946 basehttp 14892 130787549640384 "POST /users/api/auth/register/ HTTP/1.1" 400 22730
[WARNING] 2026-05-13 07:04:11,946 basehttp 14892 130787549640384 "POST /users/api/auth/register/ HTTP/1.1" 400 22730
[WARNING] 2026-05-13 07:10:08,969 basehttp 14892 130787549640384 "POST /users/api/auth/register/ HTTP/1.1" 400 22730
[WARNING] 2026-05-13 07:10:08,969 basehttp 14892 130787549640384 "POST /users/api/auth/register/ HTTP/1.1" 400 22730
[INFO] 2026-05-13 07:13:18,623 autoreload 14892 130787630141952 /home/jowamupro/software/fleetflow/fleetflow-backend/fleetflow/settings.py changed, reloading.
[INFO] 2026-05-13 07:13:18,623 autoreload 14892 130787630141952 /home/jowamupro/software/fleetflow/fleetflow-backend/fleetflow/settings.py changed, reloading.
[INFO] 2026-05-13 07:13:21,854 autoreload 25310 132310374715904 Watching for file changes with StatReloader
[INFO] 2026-05-13 07:13:21,854 autoreload 25310 132310374715904 Watching for file changes with StatReloader
[WARNING] 2026-05-13 07:13:56,636 basehttp 25310 132310225647296 "POST /users/api/auth/register/ HTTP/1.1" 400 22745
[WARNING] 2026-05-13 07:13:56,636 basehttp 25310 132310225647296 "POST /users/api/auth/register/ HTTP/1.1" 400 22745
