[ERROR] 2026-05-03 14:39:00,143 log 119212 140124138501824 Internal Server Error: /users/api/drivers/onboard/
Traceback (most recent call last):
  File "/home/genius/Projects/fleet_flow/fleetflow-backend/venv/lib/python3.13/site-packages/django/db/backends/utils.py", line 105, in _execute
    return self.cursor.execute(sql, params)
           ~~~~~~~~~~~~~~~~~~~^^^^^^^^^^^^^
  File "/home/genius/Projects/fleet_flow/fleetflow-backend/venv/lib/python3.13/site-packages/django/db/backends/sqlite3/base.py", line 360, in execute
    return super().execute(query, params)
           ~~~~~~~~~~~~~~~^^^^^^^^^^^^^^^
sqlite3.IntegrityError: UNIQUE constraint failed: driver_profiles.drivers_license_number

The above exception was the direct cause of the following exception:

Traceback (most recent call last):
  File "/home/genius/Projects/fleet_flow/fleetflow-backend/venv/lib/python3.13/site-packages/django/core/handlers/exception.py", line 55, in inner
    response = get_response(request)
  File "/home/genius/Projects/fleet_flow/fleetflow-backend/venv/lib/python3.13/site-packages/django/core/handlers/base.py", line 197, in _get_response
    response = wrapped_callback(request, *callback_args, **callback_kwargs)
  File "/home/genius/Projects/fleet_flow/fleetflow-backend/venv/lib/python3.13/site-packages/django/views/decorators/csrf.py", line 65, in _view_wrapper
    return view_func(request, *args, **kwargs)
  File "/home/genius/Projects/fleet_flow/fleetflow-backend/venv/lib/python3.13/site-packages/django/views/generic/base.py", line 105, in view
    return self.dispatch(request, *args, **kwargs)
           ~~~~~~~~~~~~~^^^^^^^^^^^^^^^^^^^^^^^^^^
  File "/home/genius/Projects/fleet_flow/fleetflow-backend/venv/lib/python3.13/site-packages/rest_framework/views.py", line 515, in dispatch
    response = self.handle_exception(exc)
  File "/home/genius/Projects/fleet_flow/fleetflow-backend/venv/lib/python3.13/site-packages/rest_framework/views.py", line 475, in handle_exception
    self.raise_uncaught_exception(exc)
    ~~~~~~~~~~~~~~~~~~~~~~~~~~~~~^^^^^
  File "/home/genius/Projects/fleet_flow/fleetflow-backend/venv/lib/python3.13/site-packages/rest_framework/views.py", line 486, in raise_uncaught_exception
    raise exc
  File "/home/genius/Projects/fleet_flow/fleetflow-backend/venv/lib/python3.13/site-packages/rest_framework/views.py", line 512, in dispatch
    response = handler(request, *args, **kwargs)
  File "/home/genius/Projects/fleet_flow/fleetflow-backend/venv/lib/python3.13/site-packages/rest_framework/decorators.py", line 50, in handler
    return func(*args, **kwargs)
  File "/home/genius/Projects/fleet_flow/fleetflow-backend/oauth/views.py", line 658, in onboard_driver
    driver = serializer.save()
  File "/home/genius/Projects/fleet_flow/fleetflow-backend/venv/lib/python3.13/site-packages/rest_framework/serializers.py", line 210, in save
    self.instance = self.create(validated_data)
                    ~~~~~~~~~~~^^^^^^^^^^^^^^^^
  File "/home/genius/Projects/fleet_flow/fleetflow-backend/oauth/serializers.py", line 347, in create
    driver_profile.save()
    ~~~~~~~~~~~~~~~~~~~^^
  File "/home/genius/Projects/fleet_flow/fleetflow-backend/venv/lib/python3.13/site-packages/django/db/models/base.py", line 902, in save
    self.save_base(
    ~~~~~~~~~~~~~~^
        using=using,
        ^^^^^^^^^^^^
    ...<2 lines>...
        update_fields=update_fields,
        ^^^^^^^^^^^^^^^^^^^^^^^^^^^^
    )
    ^
  File "/home/genius/Projects/fleet_flow/fleetflow-backend/venv/lib/python3.13/site-packages/django/db/models/base.py", line 1008, in save_base
    updated = self._save_table(
        raw,
    ...<4 lines>...
        update_fields,
    )
  File "/home/genius/Projects/fleet_flow/fleetflow-backend/venv/lib/python3.13/site-packages/django/db/models/base.py", line 1138, in _save_table
    updated = self._do_update(
        base_qs, using, pk_val, values, update_fields, forced_update
    )
  File "/home/genius/Projects/fleet_flow/fleetflow-backend/venv/lib/python3.13/site-packages/django/db/models/base.py", line 1203, in _do_update
    return filtered._update(values) > 0
           ~~~~~~~~~~~~~~~~^^^^^^^^
  File "/home/genius/Projects/fleet_flow/fleetflow-backend/venv/lib/python3.13/site-packages/django/db/models/query.py", line 1288, in _update
    return query.get_compiler(self.db).execute_sql(ROW_COUNT)
           ~~~~~~~~~~~~~~~~~~~~~~~~~~~~~~~~~~~~~~~^^^^^^^^^^^
  File "/home/genius/Projects/fleet_flow/fleetflow-backend/venv/lib/python3.13/site-packages/django/db/models/sql/compiler.py", line 2060, in execute_sql
    row_count = super().execute_sql(result_type)
  File "/home/genius/Projects/fleet_flow/fleetflow-backend/venv/lib/python3.13/site-packages/django/db/models/sql/compiler.py", line 1623, in execute_sql
    cursor.execute(sql, params)
    ~~~~~~~~~~~~~~^^^^^^^^^^^^^
  File "/home/genius/Projects/fleet_flow/fleetflow-backend/venv/lib/python3.13/site-packages/django/db/backends/utils.py", line 122, in execute
    return super().execute(sql, params)
           ~~~~~~~~~~~~~~~^^^^^^^^^^^^^
  File "/home/genius/Projects/fleet_flow/fleetflow-backend/venv/lib/python3.13/site-packages/django/db/backends/utils.py", line 79, in execute
    return self._execute_with_wrappers(
           ~~~~~~~~~~~~~~~~~~~~~~~~~~~^
        sql, params, many=False, executor=self._execute
        ^^^^^^^^^^^^^^^^^^^^^^^^^^^^^^^^^^^^^^^^^^^^^^^
    )
    ^
  File "/home/genius/Projects/fleet_flow/fleetflow-backend/venv/lib/python3.13/site-packages/django/db/backends/utils.py", line 92, in _execute_with_wrappers
    return executor(sql, params, many, context)
  File "/home/genius/Projects/fleet_flow/fleetflow-backend/venv/lib/python3.13/site-packages/django/db/backends/utils.py", line 100, in _execute
    with self.db.wrap_database_errors:
         ^^^^^^^^^^^^^^^^^^^^^^^^^^^^
  File "/home/genius/Projects/fleet_flow/fleetflow-backend/venv/lib/python3.13/site-packages/django/db/utils.py", line 91, in __exit__
    raise dj_exc_value.with_traceback(traceback) from exc_value
  File "/home/genius/Projects/fleet_flow/fleetflow-backend/venv/lib/python3.13/site-packages/django/db/backends/utils.py", line 105, in _execute
    return self.cursor.execute(sql, params)
           ~~~~~~~~~~~~~~~~~~~^^^^^^^^^^^^^
  File "/home/genius/Projects/fleet_flow/fleetflow-backend/venv/lib/python3.13/site-packages/django/db/backends/sqlite3/base.py", line 360, in execute
    return super().execute(query, params)
           ~~~~~~~~~~~~~~~^^^^^^^^^^^^^^^
django.db.utils.IntegrityError: UNIQUE constraint failed: driver_profiles.drivers_license_number
[ERROR] 2026-05-03 14:39:40,020 log 119212 140124138501824 Internal Server Error: /users/api/drivers/onboard/
Traceback (most recent call last):
  File "/home/genius/Projects/fleet_flow/fleetflow-backend/venv/lib/python3.13/site-packages/django/db/backends/utils.py", line 105, in _execute
    return self.cursor.execute(sql, params)
           ~~~~~~~~~~~~~~~~~~~^^^^^^^^^^^^^
  File "/home/genius/Projects/fleet_flow/fleetflow-backend/venv/lib/python3.13/site-packages/django/db/backends/sqlite3/base.py", line 360, in execute
    return super().execute(query, params)
           ~~~~~~~~~~~~~~~^^^^^^^^^^^^^^^
sqlite3.IntegrityError: UNIQUE constraint failed: driver_profiles.drivers_license_number

The above exception was the direct cause of the following exception:

Traceback (most recent call last):
  File "/home/genius/Projects/fleet_flow/fleetflow-backend/venv/lib/python3.13/site-packages/django/core/handlers/exception.py", line 55, in inner
    response = get_response(request)
  File "/home/genius/Projects/fleet_flow/fleetflow-backend/venv/lib/python3.13/site-packages/django/core/handlers/base.py", line 197, in _get_response
    response = wrapped_callback(request, *callback_args, **callback_kwargs)
  File "/home/genius/Projects/fleet_flow/fleetflow-backend/venv/lib/python3.13/site-packages/django/views/decorators/csrf.py", line 65, in _view_wrapper
    return view_func(request, *args, **kwargs)
  File "/home/genius/Projects/fleet_flow/fleetflow-backend/venv/lib/python3.13/site-packages/django/views/generic/base.py", line 105, in view
    return self.dispatch(request, *args, **kwargs)
           ~~~~~~~~~~~~~^^^^^^^^^^^^^^^^^^^^^^^^^^
  File "/home/genius/Projects/fleet_flow/fleetflow-backend/venv/lib/python3.13/site-packages/rest_framework/views.py", line 515, in dispatch
    response = self.handle_exception(exc)
  File "/home/genius/Projects/fleet_flow/fleetflow-backend/venv/lib/python3.13/site-packages/rest_framework/views.py", line 475, in handle_exception
    self.raise_uncaught_exception(exc)
    ~~~~~~~~~~~~~~~~~~~~~~~~~~~~~^^^^^
  File "/home/genius/Projects/fleet_flow/fleetflow-backend/venv/lib/python3.13/site-packages/rest_framework/views.py", line 486, in raise_uncaught_exception
    raise exc
  File "/home/genius/Projects/fleet_flow/fleetflow-backend/venv/lib/python3.13/site-packages/rest_framework/views.py", line 512, in dispatch
    response = handler(request, *args, **kwargs)
  File "/home/genius/Projects/fleet_flow/fleetflow-backend/venv/lib/python3.13/site-packages/rest_framework/decorators.py", line 50, in handler
    return func(*args, **kwargs)
  File "/home/genius/Projects/fleet_flow/fleetflow-backend/oauth/views.py", line 658, in onboard_driver
    driver = serializer.save()
  File "/home/genius/Projects/fleet_flow/fleetflow-backend/venv/lib/python3.13/site-packages/rest_framework/serializers.py", line 210, in save
    self.instance = self.create(validated_data)
                    ~~~~~~~~~~~^^^^^^^^^^^^^^^^
  File "/home/genius/Projects/fleet_flow/fleetflow-backend/oauth/serializers.py", line 347, in create
    driver_profile.save()
    ~~~~~~~~~~~~~~~~~~~^^
  File "/home/genius/Projects/fleet_flow/fleetflow-backend/venv/lib/python3.13/site-packages/django/db/models/base.py", line 902, in save
    self.save_base(
    ~~~~~~~~~~~~~~^
        using=using,
        ^^^^^^^^^^^^
    ...<2 lines>...
        update_fields=update_fields,
        ^^^^^^^^^^^^^^^^^^^^^^^^^^^^
    )
    ^
  File "/home/genius/Projects/fleet_flow/fleetflow-backend/venv/lib/python3.13/site-packages/django/db/models/base.py", line 1008, in save_base
    updated = self._save_table(
        raw,
    ...<4 lines>...
        update_fields,
    )
  File "/home/genius/Projects/fleet_flow/fleetflow-backend/venv/lib/python3.13/site-packages/django/db/models/base.py", line 1138, in _save_table
    updated = self._do_update(
        base_qs, using, pk_val, values, update_fields, forced_update
    )
  File "/home/genius/Projects/fleet_flow/fleetflow-backend/venv/lib/python3.13/site-packages/django/db/models/base.py", line 1203, in _do_update
    return filtered._update(values) > 0
           ~~~~~~~~~~~~~~~~^^^^^^^^
  File "/home/genius/Projects/fleet_flow/fleetflow-backend/venv/lib/python3.13/site-packages/django/db/models/query.py", line 1288, in _update
    return query.get_compiler(self.db).execute_sql(ROW_COUNT)
           ~~~~~~~~~~~~~~~~~~~~~~~~~~~~~~~~~~~~~~~^^^^^^^^^^^
  File "/home/genius/Projects/fleet_flow/fleetflow-backend/venv/lib/python3.13/site-packages/django/db/models/sql/compiler.py", line 2060, in execute_sql
    row_count = super().execute_sql(result_type)
  File "/home/genius/Projects/fleet_flow/fleetflow-backend/venv/lib/python3.13/site-packages/django/db/models/sql/compiler.py", line 1623, in execute_sql
    cursor.execute(sql, params)
    ~~~~~~~~~~~~~~^^^^^^^^^^^^^
  File "/home/genius/Projects/fleet_flow/fleetflow-backend/venv/lib/python3.13/site-packages/django/db/backends/utils.py", line 122, in execute
    return super().execute(sql, params)
           ~~~~~~~~~~~~~~~^^^^^^^^^^^^^
  File "/home/genius/Projects/fleet_flow/fleetflow-backend/venv/lib/python3.13/site-packages/django/db/backends/utils.py", line 79, in execute
    return self._execute_with_wrappers(
           ~~~~~~~~~~~~~~~~~~~~~~~~~~~^
        sql, params, many=False, executor=self._execute
        ^^^^^^^^^^^^^^^^^^^^^^^^^^^^^^^^^^^^^^^^^^^^^^^
    )
    ^
  File "/home/genius/Projects/fleet_flow/fleetflow-backend/venv/lib/python3.13/site-packages/django/db/backends/utils.py", line 92, in _execute_with_wrappers
    return executor(sql, params, many, context)
  File "/home/genius/Projects/fleet_flow/fleetflow-backend/venv/lib/python3.13/site-packages/django/db/backends/utils.py", line 100, in _execute
    with self.db.wrap_database_errors:
         ^^^^^^^^^^^^^^^^^^^^^^^^^^^^
  File "/home/genius/Projects/fleet_flow/fleetflow-backend/venv/lib/python3.13/site-packages/django/db/utils.py", line 91, in __exit__
    raise dj_exc_value.with_traceback(traceback) from exc_value
  File "/home/genius/Projects/fleet_flow/fleetflow-backend/venv/lib/python3.13/site-packages/django/db/backends/utils.py", line 105, in _execute
    return self.cursor.execute(sql, params)
           ~~~~~~~~~~~~~~~~~~~^^^^^^^^^^^^^
  File "/home/genius/Projects/fleet_flow/fleetflow-backend/venv/lib/python3.13/site-packages/django/db/backends/sqlite3/base.py", line 360, in execute
    return super().execute(query, params)
           ~~~~~~~~~~~~~~~^^^^^^^^^^^^^^^
django.db.utils.IntegrityError: UNIQUE constraint failed: driver_profiles.drivers_license_number[ERROR] 2026-05-08 09:09:07,323 log 101339 139706914305728 Internal Server Error: /users/api/drivers/onboard/
Traceback (most recent call last):
  File "/home/genius/Projects/fleet_flow/fleetflow-backend/venv/lib/python3.13/site-packages/django/db/backends/utils.py", line 105, in _execute
    return self.cursor.execute(sql, params)
           ~~~~~~~~~~~~~~~~~~~^^^^^^^^^^^^^
  File "/home/genius/Projects/fleet_flow/fleetflow-backend/venv/lib/python3.13/site-packages/django/db/backends/sqlite3/base.py", line 360, in execute
    return super().execute(query, params)
           ~~~~~~~~~~~~~~~^^^^^^^^^^^^^^^
sqlite3.IntegrityError: UNIQUE constraint failed: driver_profiles.drivers_license_number

The above exception was the direct cause of the following exception:

Traceback (most recent call last):
  File "/home/genius/Projects/fleet_flow/fleetflow-backend/venv/lib/python3.13/site-packages/django/core/handlers/exception.py", line 55, in inner
    response = get_response(request)
  File "/home/genius/Projects/fleet_flow/fleetflow-backend/venv/lib/python3.13/site-packages/django/core/handlers/base.py", line 197, in _get_response
    response = wrapped_callback(request, *callback_args, **callback_kwargs)
  File "/home/genius/Projects/fleet_flow/fleetflow-backend/venv/lib/python3.13/site-packages/django/views/decorators/csrf.py", line 65, in _view_wrapper
    return view_func(request, *args, **kwargs)
  File "/home/genius/Projects/fleet_flow/fleetflow-backend/venv/lib/python3.13/site-packages/django/views/generic/base.py", line 105, in view
    return self.dispatch(request, *args, **kwargs)
           ~~~~~~~~~~~~~^^^^^^^^^^^^^^^^^^^^^^^^^^
  File "/home/genius/Projects/fleet_flow/fleetflow-backend/venv/lib/python3.13/site-packages/rest_framework/views.py", line 515, in dispatch
    response = self.handle_exception(exc)
  File "/home/genius/Projects/fleet_flow/fleetflow-backend/venv/lib/python3.13/site-packages/rest_framework/views.py", line 475, in handle_exception
    self.raise_uncaught_exception(exc)
    ~~~~~~~~~~~~~~~~~~~~~~~~~~~~~^^^^^
  File "/home/genius/Projects/fleet_flow/fleetflow-backend/venv/lib/python3.13/site-packages/rest_framework/views.py", line 486, in raise_uncaught_exception
    raise exc
  File "/home/genius/Projects/fleet_flow/fleetflow-backend/venv/lib/python3.13/site-packages/rest_framework/views.py", line 512, in dispatch
    response = handler(request, *args, **kwargs)
  File "/home/genius/Projects/fleet_flow/fleetflow-backend/venv/lib/python3.13/site-packages/rest_framework/decorators.py", line 50, in handler
    return func(*args, **kwargs)
  File "/home/genius/Projects/fleet_flow/fleetflow-backend/oauth/views.py", line 658, in onboard_driver
    driver = serializer.save()
  File "/home/genius/Projects/fleet_flow/fleetflow-backend/venv/lib/python3.13/site-packages/rest_framework/serializers.py", line 210, in save
    self.instance = self.create(validated_data)
                    ~~~~~~~~~~~^^^^^^^^^^^^^^^^
  File "/home/genius/Projects/fleet_flow/fleetflow-backend/oauth/serializers.py", line 347, in create
    driver_profile.save()
    ~~~~~~~~~~~~~~~~~~~^^
  File "/home/genius/Projects/fleet_flow/fleetflow-backend/venv/lib/python3.13/site-packages/django/db/models/base.py", line 902, in save
    self.save_base(
    ~~~~~~~~~~~~~~^
        using=using,
        ^^^^^^^^^^^^
    ...<2 lines>...
        update_fields=update_fields,
        ^^^^^^^^^^^^^^^^^^^^^^^^^^^^
    )
    ^
  File "/home/genius/Projects/fleet_flow/fleetflow-backend/venv/lib/python3.13/site-packages/django/db/models/base.py", line 1008, in save_base
    updated = self._save_table(
        raw,
    ...<4 lines>...
        update_fields,
    )
  File "/home/genius/Projects/fleet_flow/fleetflow-backend/venv/lib/python3.13/site-packages/django/db/models/base.py", line 1138, in _save_table
    updated = self._do_update(
        base_qs, using, pk_val, values, update_fields, forced_update
    )
  File "/home/genius/Projects/fleet_flow/fleetflow-backend/venv/lib/python3.13/site-packages/django/db/models/base.py", line 1203, in _do_update
    return filtered._update(values) > 0
           ~~~~~~~~~~~~~~~~^^^^^^^^
  File "/home/genius/Projects/fleet_flow/fleetflow-backend/venv/lib/python3.13/site-packages/django/db/models/query.py", line 1288, in _update
    return query.get_compiler(self.db).execute_sql(ROW_COUNT)
           ~~~~~~~~~~~~~~~~~~~~~~~~~~~~~~~~~~~~~~~^^^^^^^^^^^
  File "/home/genius/Projects/fleet_flow/fleetflow-backend/venv/lib/python3.13/site-packages/django/db/models/sql/compiler.py", line 2060, in execute_sql
    row_count = super().execute_sql(result_type)
  File "/home/genius/Projects/fleet_flow/fleetflow-backend/venv/lib/python3.13/site-packages/django/db/models/sql/compiler.py", line 1623, in execute_sql
    cursor.execute(sql, params)
    ~~~~~~~~~~~~~~^^^^^^^^^^^^^
  File "/home/genius/Projects/fleet_flow/fleetflow-backend/venv/lib/python3.13/site-packages/django/db/backends/utils.py", line 122, in execute
    return super().execute(sql, params)
           ~~~~~~~~~~~~~~~^^^^^^^^^^^^^
  File "/home/genius/Projects/fleet_flow/fleetflow-backend/venv/lib/python3.13/site-packages/django/db/backends/utils.py", line 79, in execute
    return self._execute_with_wrappers(
           ~~~~~~~~~~~~~~~~~~~~~~~~~~~^
        sql, params, many=False, executor=self._execute
        ^^^^^^^^^^^^^^^^^^^^^^^^^^^^^^^^^^^^^^^^^^^^^^^
    )
    ^
  File "/home/genius/Projects/fleet_flow/fleetflow-backend/venv/lib/python3.13/site-packages/django/db/backends/utils.py", line 92, in _execute_with_wrappers
    return executor(sql, params, many, context)
  File "/home/genius/Projects/fleet_flow/fleetflow-backend/venv/lib/python3.13/site-packages/django/db/backends/utils.py", line 100, in _execute
    with self.db.wrap_database_errors:
         ^^^^^^^^^^^^^^^^^^^^^^^^^^^^
  File "/home/genius/Projects/fleet_flow/fleetflow-backend/venv/lib/python3.13/site-packages/django/db/utils.py", line 91, in __exit__
    raise dj_exc_value.with_traceback(traceback) from exc_value
  File "/home/genius/Projects/fleet_flow/fleetflow-backend/venv/lib/python3.13/site-packages/django/db/backends/utils.py", line 105, in _execute
    return self.cursor.execute(sql, params)
           ~~~~~~~~~~~~~~~~~~~^^^^^^^^^^^^^
  File "/home/genius/Projects/fleet_flow/fleetflow-backend/venv/lib/python3.13/site-packages/django/db/backends/sqlite3/base.py", line 360, in execute
    return super().execute(query, params)
           ~~~~~~~~~~~~~~~^^^^^^^^^^^^^^^
django.db.utils.IntegrityError: UNIQUE constraint failed: driver_profiles.drivers_license_number
[ERROR] 2026-05-13 06:40:28,274 log 13035 135459814504128 Invalid HTTP_HOST header: 'localhost:8000'. You may need to add 'localhost' to ALLOWED_HOSTS.
Traceback (most recent call last):
  File "/home/jowamupro/software/fleetflow/fleetflow-backend/.venv/lib/python3.14/site-packages/django/core/handlers/exception.py", line 55, in inner
    response = get_response(request)
  File "/home/jowamupro/software/fleetflow/fleetflow-backend/.venv/lib/python3.14/site-packages/django/utils/deprecation.py", line 119, in __call__
    response = self.process_request(request)
  File "/home/jowamupro/software/fleetflow/fleetflow-backend/.venv/lib/python3.14/site-packages/django/middleware/common.py", line 48, in process_request
    host = request.get_host()
  File "/home/jowamupro/software/fleetflow/fleetflow-backend/.venv/lib/python3.14/site-packages/django/http/request.py", line 203, in get_host
    raise DisallowedHost(msg)
django.core.exceptions.DisallowedHost: Invalid HTTP_HOST header: 'localhost:8000'. You may need to add 'localhost' to ALLOWED_HOSTS.
[ERROR] 2026-05-13 06:41:19,576 log 13035 135459814504128 Invalid HTTP_HOST header: 'localhost:8000'. You may need to add 'localhost' to ALLOWED_HOSTS.
Traceback (most recent call last):
  File "/home/jowamupro/software/fleetflow/fleetflow-backend/.venv/lib/python3.14/site-packages/django/core/handlers/exception.py", line 55, in inner
    response = get_response(request)
  File "/home/jowamupro/software/fleetflow/fleetflow-backend/.venv/lib/python3.14/site-packages/django/utils/deprecation.py", line 119, in __call__
    response = self.process_request(request)
  File "/home/jowamupro/software/fleetflow/fleetflow-backend/.venv/lib/python3.14/site-packages/django/middleware/common.py", line 48, in process_request
    host = request.get_host()
  File "/home/jowamupro/software/fleetflow/fleetflow-backend/.venv/lib/python3.14/site-packages/django/http/request.py", line 203, in get_host
    raise DisallowedHost(msg)
django.core.exceptions.DisallowedHost: Invalid HTTP_HOST header: 'localhost:8000'. You may need to add 'localhost' to ALLOWED_HOSTS.
[ERROR] 2026-05-13 06:41:20,582 log 13035 135459814504128 Invalid HTTP_HOST header: 'localhost:8000'. You may need to add 'localhost' to ALLOWED_HOSTS.
Traceback (most recent call last):
  File "/home/jowamupro/software/fleetflow/fleetflow-backend/.venv/lib/python3.14/site-packages/django/core/handlers/exception.py", line 55, in inner
    response = get_response(request)
  File "/home/jowamupro/software/fleetflow/fleetflow-backend/.venv/lib/python3.14/site-packages/django/utils/deprecation.py", line 119, in __call__
    response = self.process_request(request)
  File "/home/jowamupro/software/fleetflow/fleetflow-backend/.venv/lib/python3.14/site-packages/django/middleware/common.py", line 48, in process_request
    host = request.get_host()
  File "/home/jowamupro/software/fleetflow/fleetflow-backend/.venv/lib/python3.14/site-packages/django/http/request.py", line 203, in get_host
    raise DisallowedHost(msg)
django.core.exceptions.DisallowedHost: Invalid HTTP_HOST header: 'localhost:8000'. You may need to add 'localhost' to ALLOWED_HOSTS.
[ERROR] 2026-05-13 06:42:30,646 log 14892 130787549640384 Invalid HTTP_HOST header: 'localhost:8000'. You may need to add 'localhost' to ALLOWED_HOSTS.
Traceback (most recent call last):
  File "/home/jowamupro/software/fleetflow/fleetflow-backend/.venv/lib/python3.14/site-packages/django/core/handlers/exception.py", line 55, in inner
    response = get_response(request)
  File "/home/jowamupro/software/fleetflow/fleetflow-backend/.venv/lib/python3.14/site-packages/django/utils/deprecation.py", line 119, in __call__
    response = self.process_request(request)
  File "/home/jowamupro/software/fleetflow/fleetflow-backend/.venv/lib/python3.14/site-packages/django/middleware/common.py", line 48, in process_request
    host = request.get_host()
  File "/home/jowamupro/software/fleetflow/fleetflow-backend/.venv/lib/python3.14/site-packages/django/http/request.py", line 203, in get_host
    raise DisallowedHost(msg)
django.core.exceptions.DisallowedHost: Invalid HTTP_HOST header: 'localhost:8000'. You may need to add 'localhost' to ALLOWED_HOSTS.
[ERROR] 2026-05-13 06:42:39,047 log 14892 130787549640384 Invalid HTTP_HOST header: 'localhost:8000'. You may need to add 'localhost' to ALLOWED_HOSTS.
Traceback (most recent call last):
  File "/home/jowamupro/software/fleetflow/fleetflow-backend/.venv/lib/python3.14/site-packages/django/core/handlers/exception.py", line 55, in inner
    response = get_response(request)
  File "/home/jowamupro/software/fleetflow/fleetflow-backend/.venv/lib/python3.14/site-packages/django/utils/deprecation.py", line 119, in __call__
    response = self.process_request(request)
  File "/home/jowamupro/software/fleetflow/fleetflow-backend/.venv/lib/python3.14/site-packages/django/middleware/common.py", line 48, in process_request
    host = request.get_host()
  File "/home/jowamupro/software/fleetflow/fleetflow-backend/.venv/lib/python3.14/site-packages/django/http/request.py", line 203, in get_host
    raise DisallowedHost(msg)
django.core.exceptions.DisallowedHost: Invalid HTTP_HOST header: 'localhost:8000'. You may need to add 'localhost' to ALLOWED_HOSTS.
[ERROR] 2026-05-13 06:42:48,840 log 14892 130787549640384 Invalid HTTP_HOST header: 'localhost:8000'. You may need to add 'localhost' to ALLOWED_HOSTS.
Traceback (most recent call last):
  File "/home/jowamupro/software/fleetflow/fleetflow-backend/.venv/lib/python3.14/site-packages/django/core/handlers/exception.py", line 55, in inner
    response = get_response(request)
  File "/home/jowamupro/software/fleetflow/fleetflow-backend/.venv/lib/python3.14/site-packages/django/utils/deprecation.py", line 119, in __call__
    response = self.process_request(request)
  File "/home/jowamupro/software/fleetflow/fleetflow-backend/.venv/lib/python3.14/site-packages/django/middleware/common.py", line 48, in process_request
    host = request.get_host()
  File "/home/jowamupro/software/fleetflow/fleetflow-backend/.venv/lib/python3.14/site-packages/django/http/request.py", line 203, in get_host
    raise DisallowedHost(msg)
django.core.exceptions.DisallowedHost: Invalid HTTP_HOST header: 'localhost:8000'. You may need to add 'localhost' to ALLOWED_HOSTS.
[ERROR] 2026-05-13 06:43:13,573 log 14892 130787549640384 Invalid HTTP_HOST header: 'localhost:8000'. You may need to add 'localhost' to ALLOWED_HOSTS.
Traceback (most recent call last):
  File "/home/jowamupro/software/fleetflow/fleetflow-backend/.venv/lib/python3.14/site-packages/django/core/handlers/exception.py", line 55, in inner
    response = get_response(request)
  File "/home/jowamupro/software/fleetflow/fleetflow-backend/.venv/lib/python3.14/site-packages/django/utils/deprecation.py", line 119, in __call__
    response = self.process_request(request)
  File "/home/jowamupro/software/fleetflow/fleetflow-backend/.venv/lib/python3.14/site-packages/django/middleware/common.py", line 48, in process_request
    host = request.get_host()
  File "/home/jowamupro/software/fleetflow/fleetflow-backend/.venv/lib/python3.14/site-packages/django/http/request.py", line 203, in get_host
    raise DisallowedHost(msg)
django.core.exceptions.DisallowedHost: Invalid HTTP_HOST header: 'localhost:8000'. You may need to add 'localhost' to ALLOWED_HOSTS.
[ERROR] 2026-05-13 07:04:11,907 log 14892 130787549640384 Invalid HTTP_HOST header: 'localhost:8000'. You may need to add 'localhost' to ALLOWED_HOSTS.
Traceback (most recent call last):
  File "/home/jowamupro/software/fleetflow/fleetflow-backend/.venv/lib/python3.14/site-packages/django/core/handlers/exception.py", line 55, in inner
    response = get_response(request)
  File "/home/jowamupro/software/fleetflow/fleetflow-backend/.venv/lib/python3.14/site-packages/django/utils/deprecation.py", line 119, in __call__
    response = self.process_request(request)
  File "/home/jowamupro/software/fleetflow/fleetflow-backend/.venv/lib/python3.14/site-packages/django/middleware/common.py", line 48, in process_request
    host = request.get_host()
  File "/home/jowamupro/software/fleetflow/fleetflow-backend/.venv/lib/python3.14/site-packages/django/http/request.py", line 203, in get_host
    raise DisallowedHost(msg)
django.core.exceptions.DisallowedHost: Invalid HTTP_HOST header: 'localhost:8000'. You may need to add 'localhost' to ALLOWED_HOSTS.
[ERROR] 2026-05-13 07:10:08,968 log 14892 130787549640384 Invalid HTTP_HOST header: 'localhost:8000'. You may need to add 'localhost' to ALLOWED_HOSTS.
Traceback (most recent call last):
  File "/home/jowamupro/software/fleetflow/fleetflow-backend/.venv/lib/python3.14/site-packages/django/core/handlers/exception.py", line 55, in inner
    response = get_response(request)
  File "/home/jowamupro/software/fleetflow/fleetflow-backend/.venv/lib/python3.14/site-packages/django/utils/deprecation.py", line 119, in __call__
    response = self.process_request(request)
  File "/home/jowamupro/software/fleetflow/fleetflow-backend/.venv/lib/python3.14/site-packages/django/middleware/common.py", line 48, in process_request
    host = request.get_host()
  File "/home/jowamupro/software/fleetflow/fleetflow-backend/.venv/lib/python3.14/site-packages/django/http/request.py", line 203, in get_host
    raise DisallowedHost(msg)
django.core.exceptions.DisallowedHost: Invalid HTTP_HOST header: 'localhost:8000'. You may need to add 'localhost' to ALLOWED_HOSTS.
[ERROR] 2026-05-13 07:13:56,633 log 25310 132310225647296 Invalid HTTP_HOST header: 'localhost:8000'. You may need to add 'localhost' to ALLOWED_HOSTS.
Traceback (most recent call last):
  File "/home/jowamupro/software/fleetflow/fleetflow-backend/.venv/lib/python3.14/site-packages/django/core/handlers/exception.py", line 55, in inner
    response = get_response(request)
  File "/home/jowamupro/software/fleetflow/fleetflow-backend/.venv/lib/python3.14/site-packages/django/utils/deprecation.py", line 119, in __call__
    response = self.process_request(request)
  File "/home/jowamupro/software/fleetflow/fleetflow-backend/.venv/lib/python3.14/site-packages/django/middleware/common.py", line 48, in process_request
    host = request.get_host()
  File "/home/jowamupro/software/fleetflow/fleetflow-backend/.venv/lib/python3.14/site-packages/django/http/request.py", line 203, in get_host
    raise DisallowedHost(msg)
django.core.exceptions.DisallowedHost: Invalid HTTP_HOST header: 'localhost:8000'. You may need to add 'localhost' to ALLOWED_HOSTS.
